2026-06-27 19:11:57  topic='animals with surprising superpowers'  exit=1  duration=277s
2026-06-27 19:26:00  topic='insects that change the world quietly'  exit=1  duration=359s
2026-06-27 20:02:25  topic='how migrating birds find their way'  exit=0  duration=303s
2026-06-27 20:15:52  topic='predators that hunt in unexpected ways'  exit=0  duration=285s
2026-06-27 20:54:19  topic='geological wonders hidden in plain sight'  exit=0  duration=345s
2026-06-28 14:11:30  topic='the deepest hole on Earth and what they found inside'  exit=0  duration=314s
2026-06-29 16:09:21  topic='the lake of death that turns animals into stone'  exit=0  duration=330s
2026-06-30 14:42:16  topic='the underwater volcano that is creating a new island'  exit=0  duration=371s
2026-07-01 15:11:45  topic='the place on Earth where it constantly rains fish'  exit=0  duration=654s
2026-07-02 14:27:51  topic='geological wonders hidden in plain sight'  exit=0  duration=209s
2026-07-03 13:51:38  topic='the killer plant that eats rats alive'  exit=0  duration=221s
2026-07-04 13:56:44  topic='the micro-animal that can survive the vacuum of space'  exit=0  duration=197s
2026-07-05 14:07:58  topic='the bird that can fly for ten months without landing'  exit=0  duration=206s
2026-07-06 15:54:13  topic='the bizarre plant that bleeds red sap when cut'  exit=0  duration=216s
2026-07-07 15:13:05  topic='the massive underground fungus larger than a blue whale'  exit=0  duration=241s
2026-07-08 13:29:52  topic='what is actually living in a single drop of pond water'  exit=0  duration=214s
2026-07-09 15:32:34  topic='insects that quietly rule our ecosystem'  exit=0  duration=220s
2026-07-10 14:50:18  topic='the immortal jellyfish that can live forever'  exit=0  duration=299s
2026-07-11 13:51:58  topic='the zombie fungus that controls insect brains'  exit=0  duration=238s
2026-07-12 13:54:32  topic='the silent animal that shoots super-hot bubbles'  exit=0  duration=246s
2026-07-13 15:10:09  topic='the mimic octopus that can impersonate 15 different creatures'  exit=0  duration=261s
2026-07-14 14:11:32  topic='the shark that can live for over 400 years'  exit=0  duration=331s
2026-07-15 14:08:14  topic='weird facts about the deep ocean abyss'  exit=0  duration=356s
2026-07-16 14:20:16  topic='strange creatures of the mariana trench'  exit=0  duration=351s
2026-07-17 14:01:02  topic='the pistol shrimp that creates a sonic boom'  exit=0  duration=331s
2026-07-18 13:46:59  topic='how the vampire squid survives in the deep ocean'  exit=0  duration=393s
2026-07-19 02:48:17  topic='why space smells like seared steak and hot metal'  exit=1  duration=35s
2026-07-19 03:29:46  topic='the extreme storm that creates a green sky'  exit=1  duration=134s
2026-07-19 04:03:30  topic='how the vampire squid survives in the deep ocean'  exit=1  attempt=1/6  quality_deferred='critical scenes lack acceptable authentic-media candidates; scene coverage 50% is below required 67%'
2026-07-19 04:03:37  topic='the mimic octopus that can impersonate 15 different creatures'  exit=1  attempt=2/6  quality_deferred='critical scenes lack acceptable authentic-media candidates'
2026-07-19 04:03:50  topic='what happens if you get sucked into a black hole'  exit=1  attempt=3/6  quality_deferred='critical scenes lack acceptable authentic-media candidates; scene coverage 17% is below required 67%'
2026-07-19 04:03:22  topic='the underwater volcano that is creating a new island'  exit=0  duration=310s  attempts=4
2026-07-20 14:33:42  topic='how the vampire squid survives in the deep ocean'  exit=1  attempt=1/6  quality_deferred='critical scenes lack acceptable authentic-media candidates; scene coverage 17% is below required 67%'
2026-07-20 14:36:57  topic='the mimic octopus that can impersonate 15 different creatures'  exit=1  attempt=2/6  quality_deferred='scene coverage 67% is below required 67%'
2026-07-20 14:37:05  topic='what happens if you get sucked into a black hole'  exit=1  attempt=3/6  quality_deferred='critical scenes lack acceptable authentic-media candidates; scene coverage 17% is below required 67%'
2026-07-20 14:32:30  topic='weird facts about the deep ocean abyss'  exit=0  duration=699s  attempts=4
2026-07-21 14:20:43  topic='the mimic octopus that can impersonate 15 different creatures'  exit=1  attempt=1/6  quality_deferred='critical scenes lack acceptable authentic-media candidates; scene coverage 67% is below required 67%'
2026-07-21 14:20:52  topic='what happens if you get sucked into a black hole'  exit=1  attempt=2/6  quality_deferred='critical scenes lack acceptable authentic-media candidates; scene coverage 33% is below required 67%'
2026-07-21 14:21:55  topic='the planet made of solid diamond'  exit=1  attempt=3/6  quality_deferred='critical scenes lack acceptable authentic-media candidates; scene coverage 67% is below required 67%'
2026-07-21 14:22:03  topic="the mysterious 'Great Attractor' pulling our galaxy towards it"  exit=1  attempt=4/6  quality_deferred='critical scenes lack acceptable authentic-media candidates; scene coverage 17% is below required 67%'
2026-07-21 14:20:00  topic='the shark that can live for over 400 years'  exit=0  duration=638s  attempts=5
2026-07-22 14:20:49  topic='how ancient Egyptians built stone pyramids'  exit=1  attempt=1/6  quality_deferred='critical scenes lack acceptable authentic-media candidates; scene coverage 67% is below required 67%'
2026-07-22 14:21:14  topic='why ancient cities were built beside rivers'  exit=1  attempt=2/6  quality_deferred='critical scenes lack acceptable authentic-media candidates; scene coverage 0% is below required 67%'
2026-07-22 14:21:31  topic='why Mars has the tallest volcano in the solar system'  exit=1  attempt=3/6  quality_deferred='critical scenes lack acceptable authentic-media candidates'
2026-07-22 14:22:22  topic="how earthquakes can change a river's course"  exit=1  attempt=4/6  quality_deferred='critical scenes lack acceptable authentic-media candidates; scene coverage 0% is below required 67%'
2026-07-22 14:22:38  topic='how shipping containers changed world trade'  exit=1  attempt=5/6  quality_deferred='critical scenes lack acceptable authentic-media candidates; scene coverage 0% is below required 67%'
2026-07-22 14:22:54  topic='how solar panels turn sunlight into electricity'  exit=1  attempt=6/6  quality_deferred='critical scenes lack acceptable authentic-media candidates; scene coverage 0% is below required 67%'
2026-07-22 14:39:53  topic='how ancient Egyptians built stone pyramids'  exit=1  attempt=1/6  quality_deferred='critical scenes lack acceptable authentic-media candidates; scene coverage 50% is below required 67%'
2026-07-22 14:40:34  topic='why ancient cities were built beside rivers'  exit=1  attempt=2/6  quality_deferred='critical scenes lack acceptable authentic-media candidates; scene coverage 0% is below required 67%'
2026-07-22 14:40:53  topic='why Mars has the tallest volcano in the solar system'  exit=1  attempt=3/6  quality_deferred='critical scenes lack acceptable authentic-media candidates; scene coverage 67% is below required 67%'
2026-07-22 14:41:22  topic="how earthquakes can change a river's course"  exit=1  attempt=4/6  quality_deferred='critical scenes lack acceptable authentic-media candidates; scene coverage 0% is below required 67%'
2026-07-22 14:41:50  topic='how shipping containers changed world trade'  exit=1  attempt=5/6  quality_deferred='critical scenes lack acceptable authentic-media candidates; scene coverage 0% is below required 67%'
2026-07-22 14:42:07  topic='how solar panels turn sunlight into electricity'  exit=1  attempt=6/6  quality_deferred='critical scenes lack acceptable authentic-media candidates; scene coverage 0% is below required 67%'
2026-07-23 14:29:49  topic='how ancient Egyptians built stone pyramids'  exit=1  attempt=1/6  quality_deferred='critical scenes lack acceptable authentic-media candidates; scene coverage 33% is below required 67%'
2026-07-23 14:30:04  topic='why ancient cities were built beside rivers'  exit=1  attempt=2/6  quality_deferred='critical scenes lack acceptable authentic-media candidates; scene coverage 0% is below required 67%'
2026-07-23 14:30:25  topic='why Mars has the tallest volcano in the solar system'  exit=1  attempt=3/6  quality_deferred='critical scenes lack acceptable authentic-media candidates; scene coverage 67% is below required 67%'
2026-07-23 14:31:06  topic="how earthquakes can change a river's course"  exit=1  attempt=4/6  quality_deferred='critical scenes lack acceptable authentic-media candidates; scene coverage 0% is below required 67%'
2026-07-23 14:31:53  topic='how shipping containers changed world trade'  exit=1  attempt=5/6  quality_deferred='critical scenes lack acceptable authentic-media candidates; scene coverage 0% is below required 67%'
2026-07-23 14:32:22  topic='how solar panels turn sunlight into electricity'  exit=1  attempt=6/6  quality_deferred='critical scenes lack acceptable authentic-media candidates; scene coverage 67% is below required 67%'
2026-07-23 14:53:47  topic='how ancient Egyptians built stone pyramids'  exit=1  attempt=1/6  quality_deferred='scene coverage 67% is below required 67%'
2026-07-23 15:02:23  topic='why ancient cities were built beside rivers'  exit=1  attempt=2/6  quality_deferred='verified media gate rejected planned scene media'
2026-07-23 15:02:53  topic='why Mars has the tallest volcano in the solar system'  exit=1  attempt=3/6  quality_deferred='critical scenes lack acceptable authentic-media candidates; scene coverage 33% is below required 67%'
2026-07-23 15:03:29  topic="how earthquakes can change a river's course"  exit=1  attempt=4/6  quality_deferred='critical scenes lack acceptable authentic-media candidates; scene coverage 0% is below required 67%'
2026-07-23 15:04:17  topic='how shipping containers changed world trade'  exit=1  attempt=5/6  quality_deferred='critical scenes lack acceptable authentic-media candidates; scene coverage 0% is below required 67%'
2026-07-23 15:05:14  topic='how solar panels turn sunlight into electricity'  exit=1  attempt=6/6  quality_deferred='critical scenes lack acceptable authentic-media candidates; scene coverage 0% is below required 67%'
2026-07-24 14:10:51  topic='how ancient Egyptians built stone pyramids'  exit=1  attempt=1/6  quality_deferred='critical scenes lack acceptable authentic-media candidates'
2026-07-24 14:11:20  topic='why ancient cities were built beside rivers'  exit=1  attempt=2/6  quality_deferred='critical scenes lack acceptable authentic-media candidates; scene coverage 0% is below required 67%'
2026-07-24 14:11:36  topic='why Mars has the tallest volcano in the solar system'  exit=1  attempt=3/6  quality_deferred='critical scenes lack acceptable authentic-media candidates; scene coverage 50% is below required 67%'
2026-07-24 14:11:55  topic="how earthquakes can change a river's course"  exit=1  attempt=4/6  quality_deferred='critical scenes lack acceptable authentic-media candidates; scene coverage 0% is below required 67%'
2026-07-24 14:12:42  topic='how shipping containers changed world trade'  exit=1  attempt=5/6  quality_deferred='critical scenes lack acceptable authentic-media candidates; scene coverage 0% is below required 67%'
2026-07-24 14:10:20  topic='how solar panels turn sunlight into electricity'  exit=0  duration=818s  attempts=6
2026-07-25 06:31:51  topic='how ancient Egyptians built stone pyramids'  exit=1  attempt=1/6  quality_deferred='critical scenes lack acceptable authentic-media candidates; scene coverage 50% is below required 67%'
2026-07-25 06:32:17  topic='why ancient cities were built beside rivers'  exit=1  attempt=2/6  quality_deferred='critical scenes lack acceptable authentic-media candidates; scene coverage 0% is below required 67%'
2026-07-25 06:32:28  topic="how earthquakes can change a river's course"  exit=1  attempt=3/6  quality_deferred='critical scenes lack acceptable authentic-media candidates'
2026-07-25 06:32:56  topic='how shipping containers changed world trade'  exit=1  attempt=4/6  quality_deferred='critical scenes lack acceptable authentic-media candidates; scene coverage 33% is below required 67%'
2026-07-25 06:33:30  topic='how glaciers shape mountains and valleys'  exit=1  attempt=5/6  quality_deferred='critical scenes lack acceptable authentic-media candidates; scene coverage 0% is below required 67%'
2026-07-25 06:31:26  topic='why penguins do not freeze on Antarctic ice'  exit=0  duration=323s  attempts=6
2026-07-26 13:54:48  topic='how ancient Egyptians built stone pyramids'  exit=1  attempt=1/6  quality_deferred='critical scenes lack acceptable authentic-media candidates; scene coverage 67% is below required 67%'
2026-07-26 13:55:16  topic='why ancient cities were built beside rivers'  exit=1  attempt=2/6  quality_deferred='critical scenes lack acceptable authentic-media candidates; scene coverage 0% is below required 67%'
2026-07-26 13:55:51  topic='how forests create their own rain'  exit=1  attempt=3/6  quality_deferred='critical scenes lack acceptable authentic-media candidates'
2026-07-26 13:57:54  topic='why lightning creates glass in sand'  exit=1  attempt=4/6  quality_deferred='verified media gate rejected planned scene media'
2026-07-26 13:58:03  topic="how earthquakes can change a river's course"  exit=1  attempt=5/6  quality_deferred='critical scenes lack acceptable authentic-media candidates'
2026-07-26 13:58:33  topic='how shipping containers changed world trade'  exit=1  attempt=6/6  quality_deferred='critical scenes lack acceptable authentic-media candidates; scene coverage 33% is below required 67%'
2026-07-26 14:14:32  topic='how ancient Egyptians built stone pyramids'  exit=1  attempt=1/6  quality_deferred='critical scenes lack acceptable authentic-media candidates; scene coverage 67% is below required 67%'
2026-07-26 14:14:58  topic='why ancient cities were built beside rivers'  exit=1  attempt=2/6  quality_deferred='critical scenes lack acceptable authentic-media candidates; scene coverage 0% is below required 67%'
2026-07-26 14:15:29  topic='how forests create their own rain'  exit=1  attempt=3/6  quality_deferred='critical scenes lack acceptable authentic-media candidates; scene coverage 67% is below required 67%'
2026-07-26 14:17:46  topic='why lightning creates glass in sand'  exit=1  attempt=4/6  quality_deferred='verified media gate rejected planned scene media'
2026-07-26 14:18:10  topic="how earthquakes can change a river's course"  exit=1  attempt=5/6  quality_deferred='critical scenes lack acceptable authentic-media candidates; scene coverage 67% is below required 67%'
2026-07-26 14:18:43  topic='how shipping containers changed world trade'  exit=1  attempt=6/6  quality_deferred='critical scenes lack acceptable authentic-media candidates; scene coverage 33% is below required 67%'
2026-07-27 07:37:09  topic='How Bees Make Honey'  exit=1  attempt=1/6  quality_deferred='verified media gate rejected planned scene media'
2026-07-27 07:37:36  topic='Why Rainforests Create Their Own Rain'  exit=1  attempt=2/6  quality_deferred='critical scenes lack acceptable authentic-media candidates'
2026-07-27 07:39:16  topic='How Camels Survive the Desert'  exit=1  attempt=3/6  quality_deferred='verified media gate rejected planned scene media'
2026-07-27 07:39:38  topic='How Forests Clean the Air'  exit=1  attempt=4/6  quality_deferred='critical scenes lack acceptable authentic-media candidates; scene coverage 0% is below required 67%'
2026-07-27 07:41:17  topic='How Mangrove Forests Protect Coastlines'  exit=1  attempt=5/6  quality_deferred='visual fallback quality gate deferred topic'
2026-07-27 07:41:40  topic='How Wildfires Help Some Forests Regrow'  exit=1  attempt=6/6  quality_deferred='critical scenes lack acceptable authentic-media candidates; scene coverage 0% is below required 67%'
2026-07-27 08:14:37  topic='Why Octopuses Change Color'  exit=1  attempt=1/6  quality_deferred='critical scenes lack acceptable authentic-media candidates; scene coverage 0% is below required 67%'
2026-07-27 08:18:01  topic='How Sand Dunes Move Across Deserts'  exit=1  attempt=2/6  quality_deferred='verified media gate rejected planned scene media'
2026-07-27 08:18:20  topic='Why Butterflies Have Colorful Wings'  exit=1  attempt=3/6  quality_deferred='critical scenes lack acceptable authentic-media candidates'
2026-07-27 08:19:03  topic='Why Deserts Get So Cold at Night'  exit=1  attempt=4/6  quality_deferred='critical scenes lack acceptable authentic-media candidates; scene coverage 50% is below required 67%'
2026-07-27 08:19:18  topic='Why Hurricanes Grow Over Warm Oceans'  exit=1  attempt=5/6  quality_deferred='critical scenes lack acceptable authentic-media candidates; scene coverage 67% is below required 67%'
2026-07-27 08:19:46  topic='Why Glaciers Carve Valleys'  exit=1  attempt=6/6  quality_deferred='critical scenes lack acceptable authentic-media candidates; scene coverage 0% is below required 67%'
2026-07-27 09:22:35  topic='How Ants Build Underground Cities'  exit=0  duration=199s  attempts=1
2026-07-28 14:34:28  topic='Why Flamingos Are Pink'  exit=0  duration=305s  attempts=1
2026-07-29 09:01:32  topic='How Mountains Rise From the Earth'  exit=1  attempt=1/6  quality_deferred='critical scenes lack acceptable authentic-media candidates; scene coverage 0% is below required 67%'
2026-07-29 09:02:07  topic='How Monsoon Rains Begin'  exit=1  attempt=2/6  quality_deferred='critical scenes lack acceptable authentic-media candidates; scene coverage 0% is below required 67%'
2026-07-29 09:02:49  topic='Why Ocean Currents Shape Climate'  exit=1  attempt=3/6  quality_deferred='critical scenes lack acceptable authentic-media candidates; scene coverage 0% is below required 67%'
2026-07-29 09:03:47  topic='Why Tsunamis Cross Entire Oceans'  exit=1  attempt=4/6  quality_deferred='critical scenes lack acceptable authentic-media candidates; scene coverage 0% is below required 67%'
2026-07-29 09:04:30  topic='How Tides Move the Sea'  exit=1  attempt=5/6  quality_deferred='critical scenes lack acceptable authentic-media candidates; scene coverage 33% is below required 67%'
2026-07-29 09:07:38  topic='Why Hail Forms Inside Storm Clouds'  exit=1  attempt=6/6  quality_deferred='verified media gate rejected planned scene media'
2026-07-29 14:31:10  topic='How the Northern Lights Are Created'  exit=0  slot='evening'  duration=281s  attempts=1
2026-07-30 06:02:11  topic='Why Oceans Have Waves'  exit=1  slot='morning'  attempt=1/6  quality_deferred='critical scenes lack acceptable authentic-media candidates; scene coverage 67% is below required 67%'
2026-07-30 06:05:44  topic='How Lava Cools Into Rock'  exit=1  slot='morning'  attempt=2/6  quality_deferred='post-render publish quality gate deferred topic'
2026-07-30 06:06:08  topic='How Icebergs Break Away From Glaciers'  exit=1  slot='morning'  attempt=3/6  quality_deferred='critical scenes lack acceptable authentic-media candidates; scene coverage 0% is below required 67%'
2026-07-30 06:07:50  topic='Why Saturn Has Rings'  exit=1  slot='morning'  attempt=4/6  quality_deferred='verified media gate rejected planned scene media'
2026-07-30 06:07:59  topic='Why Rivers Bend Across the Land'  exit=1  slot='morning'  attempt=5/6  quality_deferred='critical scenes lack acceptable authentic-media candidates; scene coverage 0% is below required 67%'
2026-07-30 06:08:10  topic='How Earthquakes Shake the Ground'  exit=1  slot='morning'  attempt=6/6  quality_deferred='critical scenes lack acceptable authentic-media candidates; scene coverage 0% is below required 67%'
2026-07-30 06:13:33  topic='How Lagoons Form Behind Reefs'  exit=1  slot='morning'  attempt=1/6  quality_deferred='critical scenes lack acceptable authentic-media candidates; scene coverage 67% is below required 67%'
2026-07-30 06:13:46  topic='How The Grand Canyon Was Carved'  exit=1  slot='morning'  attempt=2/6  quality_deferred='critical scenes lack acceptable authentic-media candidates; scene coverage 0% is below required 67%'
2026-07-30 06:13:59  topic='How Tornadoes Spin Into Shape'  exit=1  slot='morning'  attempt=3/6  quality_deferred='critical scenes lack acceptable authentic-media candidates; scene coverage 0% is below required 67%'
2026-07-30 06:14:10  topic='How Waterfalls Shape Rock'  exit=1  slot='morning'  attempt=4/6  quality_deferred='critical scenes lack acceptable authentic-media candidates; scene coverage 0% is below required 67%'
2026-07-30 06:14:19  topic='Why Basalt Columns Form Perfect Shapes'  exit=1  slot='morning'  attempt=5/6  quality_deferred='critical scenes lack acceptable authentic-media candidates; scene coverage 67% is below required 67%'
2026-07-30 06:13:22  topic='Why Leaves Change Color'  exit=0  slot='morning'  duration=283s  attempts=6
2026-07-30 14:29:56  topic='How The Sun Creates Solar Flares'  exit=0  slot='evening'  duration=284s  attempts=1
2026-07-31 06:26:38  topic='How Crocodiles Wait Underwater'  exit=1  slot='morning'  attempt=1/6  quality_deferred='critical scenes lack acceptable authentic-media candidates; scene coverage 0% is below required 67%'
2026-07-31 06:27:01  topic='How Frogs Survive the Dry Season'  exit=1  slot='morning'  attempt=2/6  quality_deferred='critical scenes lack acceptable authentic-media candidates; scene coverage 50% is below required 67%'
2026-07-31 06:27:20  topic='Why Peacocks Show Their Feathers'  exit=1  slot='morning'  attempt=3/6  quality_deferred='critical scenes lack acceptable authentic-media candidates; scene coverage 0% is below required 67%'
2026-07-31 06:27:31  topic='How The Great Barrier Reef Was Built'  exit=1  slot='morning'  attempt=4/6  quality_deferred='critical scenes lack acceptable authentic-media candidates; scene coverage 33% is below required 67%'
2026-07-31 06:26:12  topic="Why Antarctica Is the World's Largest Desert"  exit=0  slot='morning'  duration=328s  attempts=5
2026-07-31 14:33:10  topic='Why The Amazon River Is So Powerful'  exit=1  slot='evening'  attempt=1/6  quality_deferred='critical scenes lack acceptable authentic-media candidates'
2026-07-31 14:35:06  topic='Why The Serengeti Has So Many Animals'  exit=1  slot='evening'  attempt=2/6  quality_deferred='verified media gate rejected planned scene media'
2026-07-31 14:38:11  topic='How The Congo Rainforest Stores Carbon'  exit=1  slot='evening'  attempt=3/6  quality_deferred='verified media gate rejected planned scene media'
2026-07-31 14:33:06  topic='How Bats Fly in Total Darkness'  exit=1  slot='evening'  duration=311s  critical_failure=true  reason='critical technical failure exit=1'
2026-07-31 15:09:03  topic='How Bats Fly in Total Darkness'  exit=1  slot='evening'  attempt=1/6  quality_deferred='critical scenes lack acceptable authentic-media candidates; scene coverage 0% is below required 67%'
2026-07-31 15:09:14  topic='How Cheetahs Run So Fast'  exit=1  slot='evening'  attempt=2/6  quality_deferred='critical scenes lack acceptable authentic-media candidates; scene coverage 0% is below required 67%'
2026-07-31 15:09:23  topic='How Giraffes Drink With Long Necks'  exit=1  slot='evening'  attempt=3/6  quality_deferred='critical scenes lack acceptable authentic-media candidates; scene coverage 0% is below required 67%'
2026-07-31 15:09:37  topic='How Owls Fly Almost Silently'  exit=1  slot='evening'  attempt=4/6  quality_deferred='critical scenes lack acceptable authentic-media candidates; scene coverage 0% is below required 67%'
2026-07-31 15:09:49  topic='How Seahorses Carry Their Babies'  exit=1  slot='evening'  attempt=5/6  quality_deferred='critical scenes lack acceptable authentic-media candidates; scene coverage 0% is below required 67%'
2026-07-31 15:09:59  topic='How Spiders Spin Strong Silk'  exit=1  slot='evening'  attempt=6/6  quality_deferred='critical scenes lack acceptable authentic-media candidates; scene coverage 0% is below required 67%'
2026-07-31 15:59:15  topic='Why Crabs Walk Sideways'  exit=1  slot='evening'  attempt=1/6  quality_deferred='critical scenes lack acceptable authentic-media candidates; scene coverage 0% is below required 67%'
2026-07-31 15:59:25  topic='Why Eagles See So Far'  exit=1  slot='evening'  attempt=2/6  quality_deferred='critical scenes lack acceptable authentic-media candidates; scene coverage 17% is below required 67%'
2026-07-31 15:59:36  topic='Why Elephants Never Forget Paths'  exit=1  slot='evening'  attempt=3/6  quality_deferred='critical scenes lack acceptable authentic-media candidates; scene coverage 0% is below required 67%'
2026-07-31 16:00:09  topic='Why Fireflies Glow at Night'  exit=1  slot='evening'  attempt=4/6  quality_deferred='critical scenes lack acceptable authentic-media candidates; scene coverage 0% is below required 67%'
2026-07-31 16:00:44  topic='Why Koalas Sleep So Much'  exit=1  slot='evening'  attempt=5/6  quality_deferred='critical scenes lack acceptable authentic-media candidates; scene coverage 0% is below required 67%'
2026-07-31 16:00:52  topic='Why Lions Roar at Night'  exit=1  slot='evening'  attempt=6/6  quality_deferred='critical scenes lack acceptable authentic-media candidates; scene coverage 0% is below required 67%'
2026-07-31 16:54:59  topic='Why Polar Bears Have Black Skin'  exit=1  slot='evening'  attempt=1/6  quality_deferred='critical scenes lack acceptable authentic-media candidates; scene coverage 50% is below required 67%'
2026-07-31 16:55:08  topic='Why Snakes Shed Their Skin'  exit=1  slot='evening'  attempt=2/6  quality_deferred='critical scenes lack acceptable authentic-media candidates; scene coverage 50% is below required 67%'
2026-07-31 16:55:20  topic='Why Wolves Hunt in Packs'  exit=1  slot='evening'  attempt=3/6  quality_deferred='critical scenes lack acceptable authentic-media candidates; scene coverage 0% is below required 67%'
2026-07-31 16:57:33  topic='Why Zebras Have Stripes'  exit=1  slot='evening'  attempt=4/6  quality_deferred='verified media gate rejected planned scene media'
2026-07-31 16:57:43  topic='How Hummingbirds Hover in Midair'  exit=1  slot='evening'  attempt=5/6  quality_deferred='critical scenes lack acceptable authentic-media candidates; scene coverage 0% is below required 67%'
2026-07-31 16:59:52  topic='How Jellyfish Move Without Bones'  exit=1  slot='evening'  attempt=6/6  quality_deferred='verified media gate rejected planned scene media'
2026-08-01 06:14:58  topic='How Starfish Regrow Lost Arms'  exit=1  slot='morning'  attempt=1/6  quality_deferred='verified media gate rejected planned scene media'
2026-08-01 06:15:08  topic='Why The Red Sea Looks So Blue'  exit=1  slot='morning'  attempt=2/6  quality_deferred='critical scenes lack acceptable authentic-media candidates; scene coverage 0% is below required 67%'
2026-08-01 06:15:18  topic='Why The Arctic Ocean Freezes'  exit=1  slot='morning'  attempt=3/6  quality_deferred='critical scenes lack acceptable authentic-media candidates; scene coverage 0% is below required 67%'
2026-08-01 06:19:36  topic='how sea turtles find their way home'  exit=1  slot='morning'  attempt=4/6  quality_deferred='verified media gate rejected planned scene media'
2026-08-01 06:20:11  topic='how beavers reshape entire rivers'  exit=1  slot='morning'  attempt=5/6  quality_deferred='critical scenes lack acceptable authentic-media candidates; scene coverage 0% is below required 67%'
2026-08-01 06:21:04  topic='why hummingbirds can fly backward'  exit=1  slot='morning'  attempt=6/6  quality_deferred='verified media gate rejected planned scene media'
2026-08-01 13:54:49  topic='how mangrove forests protect coastlines from storms'  exit=1  slot='evening'  attempt=1/6  quality_deferred='verified media gate rejected planned scene media'
2026-08-01 13:54:56  topic='how bats navigate in total darkness'  exit=1  slot='evening'  attempt=2/6  quality_deferred='critical scenes lack acceptable authentic-media candidates; scene coverage 0% is below required 67%'
2026-08-01 13:55:03  topic='how crows remember human faces'  exit=1  slot='evening'  attempt=3/6  quality_deferred='critical scenes lack acceptable authentic-media candidates; scene coverage 0% is below required 67%'
2026-08-01 13:55:30  topic='how tides move entire oceans'  exit=1  slot='evening'  attempt=4/6  quality_deferred='critical scenes lack acceptable authentic-media candidates; scene coverage 17% is below required 67%'
2026-08-01 13:55:42  topic='how waterfalls carve through solid rock'  exit=1  slot='evening'  attempt=5/6  quality_deferred='critical scenes lack acceptable authentic-media candidates; scene coverage 0% is below required 67%'
2026-08-01 13:57:02  topic='why elephants can hear through their feet'  exit=1  slot='evening'  attempt=6/6  quality_deferred='verified media gate rejected planned scene media'
2026-08-01 14:11:44  topic='why icebergs look blue'  exit=1  slot='evening'  attempt=1/6  quality_deferred='critical scenes lack acceptable authentic-media candidates; scene coverage 0% is below required 67%'
2026-08-01 14:11:56  topic='how caves grow giant crystal formations'  exit=1  slot='evening'  attempt=2/6  quality_deferred='critical scenes lack acceptable authentic-media candidates'
2026-08-01 14:16:36  topic='Why Mudslides Move So Fast'  exit=1  slot='evening'  attempt=3/6  quality_deferred='verified media gate rejected planned scene media'
2026-08-01 14:19:10  topic='why owls can hunt in complete darkness'  exit=1  slot='evening'  attempt=4/6  quality_deferred='verified media gate rejected planned scene media'
2026-08-01 14:19:16  topic='how wind shapes giant rock arches'  exit=1  slot='evening'  attempt=5/6  quality_deferred='Editorial Canon primary subject has no topic-level lexical anchor'
2026-08-01 14:19:29  topic='why some clouds look like flying saucers'  exit=1  slot='evening'  attempt=6/6  quality_deferred='critical scenes lack acceptable authentic-media candidates; scene coverage 0% is below required 67%'
2026-08-02 06:14:59  topic='How Craters Form on the Moon'  exit=1  slot='morning'  attempt=1/6  quality_deferred='critical scenes lack acceptable authentic-media candidates; scene coverage 67% is below required 67%'
2026-08-02 06:16:15  topic='why the moon has no weather'  exit=1  slot='morning'  attempt=2/6  quality_deferred='verified media gate rejected planned scene media'
2026-08-02 06:17:34  topic='Why The Moon Controls Tides'  exit=1  slot='morning'  attempt=3/6  quality_deferred='verified media gate rejected planned scene media'
2026-08-02 06:20:23  topic='why Earth has seasons'  exit=1  slot='morning'  attempt=4/6  quality_deferred='verified media gate rejected planned scene media'
2026-08-02 06:20:35  topic='how satellites take pictures of Earth'  exit=1  slot='morning'  attempt=5/6  quality_deferred='critical scenes lack acceptable authentic-media candidates; scene coverage 0% is below required 67%'
2026-08-02 06:22:05  topic='Why The Moon Has Phases'  exit=1  slot='morning'  attempt=6/6  quality_deferred='verified media gate rejected planned scene media'
2026-08-02 10:37:35  topic='Why The Pacific Ring of Fire Has So Many Volcanoes'  exit=1  slot='manual'  attempt=1/4  quality_deferred='verified media gate rejected planned scene media'
2026-08-02 10:37:48  topic='why old maps look so strange'  exit=1  slot='manual'  attempt=2/4  quality_deferred='critical scenes lack acceptable authentic-media candidates; scene coverage 0/6 (0%) is below required 5/6 (67%)'
2026-08-02 10:43:15  topic='how wind turbines turn wind into electricity'  exit=1  slot='manual'  attempt=3/4  quality_deferred='post-render publish quality gate deferred topic'
2026-08-02 10:43:28  topic='How The Amazon Rainforest Makes Rain'  exit=1  slot='manual'  attempt=4/4  quality_deferred='critical scenes lack acceptable authentic-media candidates'
2026-08-02 11:09:22  topic='how paper changed the world'  exit=1  slot='manual'  attempt=1/4  quality_deferred='critical scenes lack acceptable authentic-media candidates; scene coverage 4/6 (67%) is below required 5/6 (67%)'
2026-08-02 11:09:03  topic='How hummingbirds hover while feeding'  exit=0  slot='manual'  duration=397s  attempts=2
2026-08-02 14:41:36  topic='Why Iceland Has So Many Volcanoes'  exit=1  slot='evening'  attempt=1/4  quality_deferred='post-render publish quality gate deferred topic'
2026-08-02 13:52:09  topic='How an octopus changes color and texture to disappear on the seafloor'  exit=1  slot='evening'  duration=3194s  critical_failure=true  reason='critical technical failure exit=1'
2026-08-02 14:46:21  topic='How an octopus changes color and texture to disappear on the seafloor'  exit=1  slot='evening'  duration=156s  critical_failure=true  reason='critical technical failure exit=1'
2026-08-03 05:45:46  topic='How an octopus changes color and texture to disappear on the seafloor'  exit=1  slot='manual'  duration=128s  critical_failure=true  reason='critical technical failure exit=1'
2026-08-03 06:40:40  topic='How an octopus changes color and texture to disappear on the seafloor'  exit=1  slot='morning'  duration=126s  critical_failure=true  reason='critical technical failure exit=1'
2026-08-03 06:47:36  topic='How an octopus changes color and texture to disappear on the seafloor'  exit=1  slot='morning'  duration=122s  critical_failure=true  reason='critical technical failure exit=1'
2026-08-03 15:16:33  topic='Why The Arctic Has Midnight Sun'  exit=1  slot='evening'  attempt=1/4  quality_deferred='verified media gate rejected planned scene media'
2026-08-03 15:22:02  topic='How Caves Form Underground'  exit=1  slot='evening'  attempt=2/4  quality_deferred='verified media gate rejected planned scene media'
2026-08-03 15:28:38  topic='How Islands Form From Volcanoes'  exit=1  slot='evening'  attempt=3/4  quality_deferred='verified media gate rejected planned scene media'
2026-08-03 15:14:22  topic='How an octopus changes color and texture to disappear on the seafloor'  exit=1  slot='evening'  duration=990s  critical_failure=true  reason='critical technical failure exit=1'
2026-08-03 15:33:42  topic='How an octopus changes color and texture to disappear on the seafloor'  exit=1  slot='evening'  attempt=1/4  quality_deferred='verified media gate rejected planned scene media'
2026-08-03 15:33:53  topic='How The Andes Mountains Rose So High'  exit=1  slot='evening'  attempt=2/4  quality_deferred='critical scenes lack acceptable authentic-media candidates; scene coverage 2/6 (33%) is below required 5/6 (67%)'
2026-08-03 15:34:08  topic='How The Swiss Alps Hold Glaciers'  exit=1  slot='evening'  attempt=3/4  quality_deferred='critical scenes lack acceptable authentic-media candidates; scene coverage 0/6 (0%) is below required 5/6 (67%)'
2026-08-03 15:36:57  topic='How Fog Forms Near the Ground'  exit=1  slot='evening'  attempt=4/4  quality_deferred='verified media gate rejected planned scene media'
2026-08-04 06:08:09  topic='How Victoria Falls Creates Mist'  exit=1  slot='morning'  attempt=1/4  quality_deferred='critical scenes lack acceptable authentic-media candidates'
2026-08-04 06:07:21  topic='How Niagara Falls Keeps Moving Backward'  exit=0  slot='morning'  duration=2126s  attempts=2
2026-08-04 14:40:26  topic='how astronauts sleep in space'  exit=1  slot='evening'  attempt=1/4  quality_deferred='verified media gate rejected planned scene media'
2026-08-04 14:52:30  topic="How The Himalayas Changed Earth's Climate"  exit=1  slot='evening'  attempt=2/4  quality_deferred='post-render publish quality gate deferred topic'
2026-08-04 14:54:57  topic='How lava cools at the coast and creates new land'  exit=1  slot='evening'  attempt=3/4  quality_deferred='verified media gate rejected planned scene media'
2026-08-04 14:55:24  topic='How humpback whales use bubble nets to concentrate fish'  exit=1  slot='evening'  attempt=4/4  quality_deferred='verified media gate rejected planned scene media'
2026-08-04 15:11:35  topic='How A Lunar Eclipse Turns the Moon Red'  exit=1  slot='evening'  attempt=1/4  quality_deferred='verified media gate rejected planned scene media'
2026-08-04 15:14:12  topic='How Comets Grow Glowing Tails'  exit=1  slot='evening'  attempt=2/4  quality_deferred='verified media gate rejected planned scene media'
2026-08-04 15:14:25  topic='how comets grow their glowing tails'  exit=1  slot='evening'  attempt=3/4  quality_deferred='critical scenes lack acceptable authentic-media candidates; scene coverage 4/6 (67%) is below required 5/6 (67%)'
2026-08-04 15:14:39  topic='how Vikings navigated without GPS'  exit=1  slot='evening'  attempt=4/4  quality_deferred='critical scenes lack acceptable authentic-media candidates; scene coverage 0/6 (0%) is below required 5/6 (67%)'
2026-08-05 06:04:01  topic='why some beaches have black sand'  exit=1  slot='morning'  attempt=1/4  quality_deferred='critical scenes lack acceptable authentic-media candidates; scene coverage 2/6 (33%) is below required 5/6 (67%)'
2026-08-05 06:05:05  topic='why suspension bridges can bend without breaking'  exit=1  slot='morning'  attempt=2/4  quality_deferred='critical scenes lack acceptable authentic-media candidates; scene coverage 1/6 (17%) is below required 5/6 (67%)'
2026-08-05 06:05:15  topic='why the ground can crack into hexagons'  exit=1  slot='morning'  attempt=3/4  quality_deferred='critical scenes lack acceptable authentic-media candidates'
2026-08-05 06:06:36  topic='why train tracks have small gaps'  exit=1  slot='morning'  attempt=4/4  quality_deferred='verified media gate rejected planned scene media'
2026-08-05 06:13:04  topic='how hurricanes grow into giant storms'  exit=1  slot='morning'  attempt=1/4  quality_deferred='critical scenes lack acceptable authentic-media candidates'
2026-08-05 06:14:37  topic='Why The Sky Turns Red at Sunset'  exit=1  slot='morning'  attempt=2/4  quality_deferred='verified media gate rejected planned scene media'
2026-08-05 06:14:46  topic='how desert dunes move across the landscape'  exit=1  slot='morning'  attempt=3/4  quality_deferred='scene coverage 3/6 (50%) is below required 5/6 (67%)'
2026-08-05 06:15:01  topic='why rivers bend and change course'  exit=1  slot='morning'  attempt=4/4  quality_deferred='critical scenes lack acceptable authentic-media candidates; scene coverage 0/6 (0%) is below required 5/6 (67%)'
2026-08-05 14:41:08  topic='why Mars has the tallest volcano in the solar system'  exit=1  slot='evening'  attempt=1/4  quality_deferred='verified media gate rejected planned scene media'
2026-08-05 14:41:37  topic='how shipping containers changed world trade'  exit=1  slot='evening'  attempt=2/4  quality_deferred='critical scenes lack acceptable authentic-media candidates; scene coverage 3/6 (50%) is below required 5/6 (67%)'
2026-08-05 14:43:20  topic='how ancient Egyptians built stone pyramids'  exit=1  slot='evening'  attempt=3/4  quality_deferred='critical scenes lack acceptable authentic-media candidates; scene coverage 4/6 (67%) is below required 5/6 (67%)'
2026-08-05 14:46:19  topic='why ancient cities were built beside rivers'  exit=1  slot='evening'  attempt=4/4  quality_deferred='critical scenes lack acceptable authentic-media candidates; scene coverage 0/6 (0%) is below required 5/6 (67%)'
2026-08-05 15:01:33  topic='why airplanes leave white trails in the sky'  exit=1  slot='evening'  attempt=1/4  quality_deferred='critical scenes lack acceptable authentic-media candidates; scene coverage 0/6 (0%) is below required 5/6 (67%)'
2026-08-05 15:02:27  topic='why lakes can suddenly change color'  exit=1  slot='evening'  attempt=2/4  quality_deferred='critical scenes lack acceptable authentic-media candidates; scene coverage 3/6 (50%) is below required 5/6 (67%)'
2026-08-05 15:03:07  topic='How The Alps Were Pushed Upward'  exit=1  slot='evening'  attempt=3/4  quality_deferred='critical scenes lack acceptable authentic-media candidates; scene coverage 0/6 (0%) is below required 5/6 (67%)'
2026-08-05 15:04:11  topic='How The Everglades Filters Water'  exit=1  slot='evening'  attempt=4/4  quality_deferred='critical scenes lack acceptable authentic-media candidates; scene coverage 0/6 (0%) is below required 5/6 (67%)'
2026-08-06 06:08:11  topic='How The Great Lakes Hold So Much Water'  exit=1  slot='morning'  attempt=1/4  quality_deferred='critical scenes lack acceptable authentic-media candidates; scene coverage 1/6 (17%) is below required 5/6 (67%)'
2026-08-06 06:08:27  topic='How The Great Migration Crosses Africa'  exit=1  slot='morning'  attempt=2/4  quality_deferred='critical scenes lack acceptable authentic-media candidates; scene coverage 0/6 (0%) is below required 5/6 (67%)'
2026-08-06 06:08:39  topic='How The Great Rift Valley Split the Land'  exit=1  slot='morning'  attempt=3/4  quality_deferred='critical scenes lack acceptable authentic-media candidates; scene coverage 2/6 (33%) is below required 5/6 (67%)'
2026-08-06 06:08:51  topic='Why Mount Everest Is Still Growing'  exit=1  slot='morning'  attempt=4/4  quality_deferred='critical scenes lack acceptable authentic-media candidates; scene coverage 1/6 (17%) is below required 5/6 (67%)'
2026-08-06 06:16:29  topic='Why The Grand Canyon Looks So Huge'  exit=1  slot='morning'  attempt=1/4  quality_deferred='critical scenes lack acceptable authentic-media candidates; scene coverage 2/6 (33%) is below required 5/6 (67%)'
2026-08-06 06:27:35  topic='Why Yellowstone Has Geysers'  exit=1  slot='morning'  attempt=2/4  quality_deferred='post-render publish quality gate deferred topic'
2026-08-06 06:29:45  topic='How The Sahara Desert Became So Vast'  exit=1  slot='morning'  attempt=3/4  quality_deferred='verified media gate rejected planned scene media'
2026-08-06 06:29:59  topic='Why The Atacama Desert Is So Dry'  exit=1  slot='morning'  attempt=4/4  quality_deferred='critical scenes lack acceptable authentic-media candidates; scene coverage 4/6 (67%) is below required 5/6 (67%)'
2026-08-06 14:28:45  topic="How The Himalayas Changed Earth's Climate"  exit=1  slot='manual'  duration=1s  critical_failure=true  reason='critical technical failure exit=1'
2026-08-06 14:34:14  topic="How The Himalayas Changed Earth's Climate"  exit=1  slot='evening'  duration=1s  critical_failure=true  reason='critical technical failure exit=1'
2026-08-06 14:59:22  topic="How The Himalayas Changed Earth's Climate"  exit=1  slot='evening'  duration=1s  critical_failure=true  reason='critical technical failure exit=1'
